// Jest Snapshot v1, https://goo.gl/fbAQLP

exports[`should match snapshot 1`] = `
<DocumentFragment>
  <div
    class="nut-menu"
  >
    <div
      class="nut-menu-bar"
    >
      <div
        class="nut-menu-title "
      >
        <div
          class="nut-menu-title-text"
        >
          全部商品
        </div>
        <svg
          aria-labelledby="ArrowDown2"
          class="nut-menu-title-icon nut-icon nut-icon-ArrowDown2"
          role="presentation"
          viewBox="0 0 1024 1024"
          xmlns="http://www.w3.org/2000/svg"
        >
          <path
            d="M721.27 94.24a50.39 50.39 0 1 1 52.96 85.67L535.47 327.36a75.59 75.59 0 0 1-79.42 0L217.33 179.91a50.39 50.39 0 1 1 52.96-85.67l225.52 139.14c75.14-46.31 150.27-92.78 225.46-139.14"
            fill="currentColor"
            fill-opacity="0.9"
          />
        </svg>
      </div>
    </div>
    <div
      class="nut-menu-container"
    >
      <div
        class="nut-menu-container-wrap"
        style="display: none;"
      >
        <div
          class="nut-menu-container-content"
        >
          <div
            class="nut-menu-container-item active"
            style="flex-basis: 100%;"
          >
            <i>
              <svg
                aria-labelledby="Check"
                class="nut-icon nut-icon-Check"
                color=""
                role="presentation"
                viewBox="0 0 1024 1024"
                xmlns="http://www.w3.org/2000/svg"
              >
                <path
                  d="M998.4 245.03c-219.43 153.6-398.63 332.8-552.23 552.23-40.23 58.51-128 54.86-164.57-3.66-69.49-106.06-149.94-186.51-256-256-51.2-32.91-18.29-113.37 40.23-98.74 117.03 21.94 208.46 69.49 292.57 146.28 157.26-190.17 358.4-340.11 588.8-435.2 62.17-25.6 106.06 58.51 51.2 95.09"
                  fill="currentColor"
                  fill-opacity="0.9"
                />
              </svg>
            </i>
            <div
              class=""
            >
              全部商品
            </div>
          </div>
          <div
            class="nut-menu-container-item "
            style="flex-basis: 100%;"
          >
            <div
              class=""
            >
              新款商品
            </div>
          </div>
          <div
            class="nut-menu-container-item "
            style="flex-basis: 100%;"
          >
            <div
              class=""
            >
              活动商品
            </div>
          </div>
        </div>
      </div>
    </div>
  </div>
</DocumentFragment>
`;
