// Jest Snapshot v1, https://goo.gl/fbAQLP

exports[`render with custom content 1`] = `
<div>
  <div
    class="nut-grid nut-grid-border"
  >
    <div
      class="nut-grid-item"
      style="flex-basis: 25%;"
    >
      <div
        class="nut-grid-item-content nut-grid-item-content-border nut-grid-item-content-center nut-grid-item-content-horizontal"
      >
        <svg
          aria-labelledby="Dongdong"
          class="nut-icon nut-icon-Dongdong"
          role="presentation"
          viewBox="0 0 1024 1024"
          xmlns="http://www.w3.org/2000/svg"
        >
          <path
            d="M709.21 587.54a33.73 33.73 0 0 1 47.08-3.67c14.02 11.8 15.7 32.58 3.73 46.4-53.5 61.82-146.82 99.33-248.4 99.33-100.99 0-193.83-37.08-247.49-98.3a32.6 32.6 0 0 1 3.43-46.43 33.73 33.73 0 0 1 47.11 3.4c40.19 45.87 114.39 75.52 196.95 75.52 83.03 0 157.57-29.97 197.59-76.23zM512 524.8c56.55 0 102.4-22.93 102.4-51.2s-45.85-51.2-102.4-51.2c-56.53 0-102.4 22.93-102.4 51.2 0 28.29 45.87 51.2 102.4 51.2zM273.47 320.92c-26.62-6.55-55.94 22.14-65.58 64.08-9.66 41.94 4.1 81.15 30.72 87.68 26.65 6.55 55.94-22.14 65.6-64.08 9.64-41.94-4.12-81.15-30.74-87.68zm542.74 64.1c-9.64-41.94-38.95-70.61-65.58-64.08-26.62 6.53-40.38 45.74-30.72 87.68 9.62 41.94 38.93 70.61 65.56 64.08 26.65-6.53 40.41-45.74 30.74-87.68z"
            fill="currentColor"
            fill-opacity="0.9"
          />
          ,
          <path
            d="M512 981.33c298.37 0 512-212.03 512-471.16 0-259.14-230.06-467.5-512-467.5S0 251.03 0 510.17c0 99.63 34.22 194.54 96.6 273.45 1.49 1.9 4.27 5.16 8.32 9.89l33.75 38.62a33.17 33.17 0 0 1-.07 43.8l-4.26 5.39a63.74 63.74 0 0 0 9.15 83.91 62.08 62.08 0 0 0 42.49 16.1H512zM224.58 896a118.53 118.53 0 0 0-21.76-120.11l-.11-.12-33.28-38.11a651.67 651.67 0 0 1-5.89-6.97c-50.99-64.49-78.21-140.91-78.21-220.52C85.33 305.5 269.5 128 512 128s426.67 177.49 426.67 382.17C938.67 717.4 768.15 896 512 896H224.58z"
            fill="currentColor"
            fill-opacity="0.9"
          />
        </svg>
        <div
          class="nut-grid-item-text"
        >
          <span>
            More
          </span>
        </div>
      </div>
    </div>
    <div
      class="nut-grid-item"
      style="flex-basis: 25%;"
    >
      <div
        class="nut-grid-item-content nut-grid-item-content-border nut-grid-item-content-center nut-grid-item-content-horizontal"
      >
        <div
          class="nut-grid-item-text"
        >
          <div
            class="nut-avatar nut-avatar-normal nut-avatar-round demo-avatar"
            style="background-color: rgb(250, 44, 25);"
          >
            <svg
              aria-labelledby="User"
              class=" icon nut-icon nut-icon-User"
              color="#fff"
              role="presentation"
              viewBox="0 0 1024 1024"
              xmlns="http://www.w3.org/2000/svg"
            >
              <path
                d="M511.86 804.3c-223.01 0-402.15-179.14-402.15-402.15S288.85 0 511.86 0s402.15 179.14 402.15 402.15S734.87 804.3 511.86 804.3zm0-694.62c-160.86 0-292.47 131.61-292.47 292.47S351 694.62 511.86 694.62s292.47-131.61 292.48-292.47-131.61-292.47-292.48-292.47zm237.64 913.97c-29.25 0-51.18-21.94-54.84-51.18-7.31-95.05-87.74-168.17-182.8-168.17s-175.48 73.12-182.79 168.17c-3.66 29.25-29.25 54.84-58.5 51.18-29.25 0-51.18-29.25-51.18-58.49 10.97-153.55 138.92-270.54 292.47-270.54s281.5 120.64 292.47 270.54c3.65 29.25-21.94 54.84-51.18 58.49h-3.65zM511.86 548.38c-47.53 0-91.4-21.93-120.64-58.49-18.28-25.59-14.62-58.49 7.31-76.77 25.59-18.28 58.49-14.62 76.77 7.31s51.18 21.93 69.47 0 54.84-29.25 76.77-7.31c21.93 18.28 29.25 54.84 7.31 76.77-25.59 40.22-69.46 58.49-116.99 58.49z"
                fill="currentColor"
                fill-opacity="0.9"
              />
            </svg>
          </div>
        </div>
      </div>
    </div>
    <div
      class="nut-grid-item"
      style="flex-basis: 25%;"
    >
      <div
        class="nut-grid-item-content nut-grid-item-content-border nut-grid-item-content-center nut-grid-item-content-horizontal"
      >
        <div
          class="nut-avatar nut-avatar-normal nut-avatar-round demo-avatar"
          style="background-color: rgb(250, 44, 25);"
        >
          <svg
            aria-labelledby="User"
            class=" icon nut-icon nut-icon-User"
            color="#fff"
            role="presentation"
            viewBox="0 0 1024 1024"
            xmlns="http://www.w3.org/2000/svg"
          >
            <path
              d="M511.86 804.3c-223.01 0-402.15-179.14-402.15-402.15S288.85 0 511.86 0s402.15 179.14 402.15 402.15S734.87 804.3 511.86 804.3zm0-694.62c-160.86 0-292.47 131.61-292.47 292.47S351 694.62 511.86 694.62s292.47-131.61 292.48-292.47-131.61-292.47-292.48-292.47zm237.64 913.97c-29.25 0-51.18-21.94-54.84-51.18-7.31-95.05-87.74-168.17-182.8-168.17s-175.48 73.12-182.79 168.17c-3.66 29.25-29.25 54.84-58.5 51.18-29.25 0-51.18-29.25-51.18-58.49 10.97-153.55 138.92-270.54 292.47-270.54s281.5 120.64 292.47 270.54c3.65 29.25-21.94 54.84-51.18 58.49h-3.65zM511.86 548.38c-47.53 0-91.4-21.93-120.64-58.49-18.28-25.59-14.62-58.49 7.31-76.77 25.59-18.28 58.49-14.62 76.77 7.31s51.18 21.93 69.47 0 54.84-29.25 76.77-7.31c21.93 18.28 29.25 54.84 7.31 76.77-25.59 40.22-69.46 58.49-116.99 58.49z"
              fill="currentColor"
              fill-opacity="0.9"
            />
          </svg>
        </div>
      </div>
    </div>
    <div
      class="nut-grid-item"
      style="flex-basis: 25%;"
    >
      <div
        class="nut-grid-item-content nut-grid-item-content-border nut-grid-item-content-center nut-grid-item-content-horizontal"
      >
        <div
          class="nut-avatar nut-avatar-large nut-avatar-round"
        >
          <div
            class="nut-image  icon"
          >
            <img
              alt=""
              class="nut-img"
              src="https://img12.360buyimg.com/imagetools/jfs/t1/143702/31/16654/116794/5fc6f541Edebf8a57/4138097748889987.png"
              style="object-fit: fill; object-position: center;"
            />
            <div
              class="nut-img-loading"
            >
              <svg
                aria-labelledby="Image"
                class="nut-icon nut-icon-Image"
                role="presentation"
                viewBox="0 0 1024 1024"
                xmlns="http://www.w3.org/2000/svg"
              >
                <path
                  d="M384 341.33a85.33 85.33 0 1 1-170.67 0 85.33 85.33 0 0 1 170.67 0z"
                  fill="currentColor"
                  fill-opacity="0.9"
                />
                ,
                <path
                  d="M0 170.67a128 128 0 0 1 128-128h768a128 128 0 0 1 128 128v682.66a128 128 0 0 1-128 128H128a128 128 0 0 1-128-128V170.67zM128 128a42.67 42.67 0 0 0-42.67 42.67v405.84a383.38 383.38 0 0 1 128-21.84c71.89 0 139.16 19.75 196.68 54.12C492.46 473.96 641.05 384 810.67 384c44.37 0 87.32 6.17 128 17.66V170.67A42.67 42.67 0 0 0 896 128H128zM85.33 668.74v184.59A42.67 42.67 0 0 0 128 896h380.97C488.28 751.25 363.8 640 213.33 640c-45.8 0-89.19 10.3-128 28.74zM594.99 896H896a42.67 42.67 0 0 0 42.67-42.67V491.18a383.36 383.36 0 0 0-128-21.85c-141.91 0-265.81 76.97-332.31 191.45A382.98 382.98 0 0 1 594.99 896z"
                  fill="currentColor"
                  fill-opacity="0.9"
                />
              </svg>
            </div>
          </div>
        </div>
      </div>
    </div>
  </div>
</div>
`;

exports[`should match snapshot 1`] = `
<div>
  <div
    class="nut-grid nut-grid-border"
  >
    <div
      class="nut-grid-item"
      style="flex-basis: 25%;"
    >
      <div
        class="nut-grid-item-content nut-grid-item-content-border nut-grid-item-content-center nut-grid-item-content-vertical"
      >
        <svg
          aria-labelledby="Dongdong"
          class="nut-icon nut-icon-Dongdong"
          role="presentation"
          viewBox="0 0 1024 1024"
          xmlns="http://www.w3.org/2000/svg"
        >
          <path
            d="M709.21 587.54a33.73 33.73 0 0 1 47.08-3.67c14.02 11.8 15.7 32.58 3.73 46.4-53.5 61.82-146.82 99.33-248.4 99.33-100.99 0-193.83-37.08-247.49-98.3a32.6 32.6 0 0 1 3.43-46.43 33.73 33.73 0 0 1 47.11 3.4c40.19 45.87 114.39 75.52 196.95 75.52 83.03 0 157.57-29.97 197.59-76.23zM512 524.8c56.55 0 102.4-22.93 102.4-51.2s-45.85-51.2-102.4-51.2c-56.53 0-102.4 22.93-102.4 51.2 0 28.29 45.87 51.2 102.4 51.2zM273.47 320.92c-26.62-6.55-55.94 22.14-65.58 64.08-9.66 41.94 4.1 81.15 30.72 87.68 26.65 6.55 55.94-22.14 65.6-64.08 9.64-41.94-4.12-81.15-30.74-87.68zm542.74 64.1c-9.64-41.94-38.95-70.61-65.58-64.08-26.62 6.53-40.38 45.74-30.72 87.68 9.62 41.94 38.93 70.61 65.56 64.08 26.65-6.53 40.41-45.74 30.74-87.68z"
            fill="currentColor"
            fill-opacity="0.9"
          />
          ,
          <path
            d="M512 981.33c298.37 0 512-212.03 512-471.16 0-259.14-230.06-467.5-512-467.5S0 251.03 0 510.17c0 99.63 34.22 194.54 96.6 273.45 1.49 1.9 4.27 5.16 8.32 9.89l33.75 38.62a33.17 33.17 0 0 1-.07 43.8l-4.26 5.39a63.74 63.74 0 0 0 9.15 83.91 62.08 62.08 0 0 0 42.49 16.1H512zM224.58 896a118.53 118.53 0 0 0-21.76-120.11l-.11-.12-33.28-38.11a651.67 651.67 0 0 1-5.89-6.97c-50.99-64.49-78.21-140.91-78.21-220.52C85.33 305.5 269.5 128 512 128s426.67 177.49 426.67 382.17C938.67 717.4 768.15 896 512 896H224.58z"
            fill="currentColor"
            fill-opacity="0.9"
          />
        </svg>
        <div
          class="nut-grid-item-text"
        >
          文本
        </div>
      </div>
    </div>
    <div
      class="nut-grid-item"
      style="flex-basis: 25%;"
    >
      <div
        class="nut-grid-item-content nut-grid-item-content-border nut-grid-item-content-center nut-grid-item-content-vertical"
      >
        <svg
          aria-labelledby="Dongdong"
          class="nut-icon nut-icon-Dongdong"
          role="presentation"
          viewBox="0 0 1024 1024"
          xmlns="http://www.w3.org/2000/svg"
        >
          <path
            d="M709.21 587.54a33.73 33.73 0 0 1 47.08-3.67c14.02 11.8 15.7 32.58 3.73 46.4-53.5 61.82-146.82 99.33-248.4 99.33-100.99 0-193.83-37.08-247.49-98.3a32.6 32.6 0 0 1 3.43-46.43 33.73 33.73 0 0 1 47.11 3.4c40.19 45.87 114.39 75.52 196.95 75.52 83.03 0 157.57-29.97 197.59-76.23zM512 524.8c56.55 0 102.4-22.93 102.4-51.2s-45.85-51.2-102.4-51.2c-56.53 0-102.4 22.93-102.4 51.2 0 28.29 45.87 51.2 102.4 51.2zM273.47 320.92c-26.62-6.55-55.94 22.14-65.58 64.08-9.66 41.94 4.1 81.15 30.72 87.68 26.65 6.55 55.94-22.14 65.6-64.08 9.64-41.94-4.12-81.15-30.74-87.68zm542.74 64.1c-9.64-41.94-38.95-70.61-65.58-64.08-26.62 6.53-40.38 45.74-30.72 87.68 9.62 41.94 38.93 70.61 65.56 64.08 26.65-6.53 40.41-45.74 30.74-87.68z"
            fill="currentColor"
            fill-opacity="0.9"
          />
          ,
          <path
            d="M512 981.33c298.37 0 512-212.03 512-471.16 0-259.14-230.06-467.5-512-467.5S0 251.03 0 510.17c0 99.63 34.22 194.54 96.6 273.45 1.49 1.9 4.27 5.16 8.32 9.89l33.75 38.62a33.17 33.17 0 0 1-.07 43.8l-4.26 5.39a63.74 63.74 0 0 0 9.15 83.91 62.08 62.08 0 0 0 42.49 16.1H512zM224.58 896a118.53 118.53 0 0 0-21.76-120.11l-.11-.12-33.28-38.11a651.67 651.67 0 0 1-5.89-6.97c-50.99-64.49-78.21-140.91-78.21-220.52C85.33 305.5 269.5 128 512 128s426.67 177.49 426.67 382.17C938.67 717.4 768.15 896 512 896H224.58z"
            fill="currentColor"
            fill-opacity="0.9"
          />
        </svg>
        <div
          class="nut-grid-item-text"
        >
          文本
        </div>
      </div>
    </div>
    <div
      class="nut-grid-item"
      style="flex-basis: 25%;"
    >
      <div
        class="nut-grid-item-content nut-grid-item-content-border nut-grid-item-content-center nut-grid-item-content-vertical"
      >
        <svg
          aria-labelledby="Dongdong"
          class="nut-icon nut-icon-Dongdong"
          role="presentation"
          viewBox="0 0 1024 1024"
          xmlns="http://www.w3.org/2000/svg"
        >
          <path
            d="M709.21 587.54a33.73 33.73 0 0 1 47.08-3.67c14.02 11.8 15.7 32.58 3.73 46.4-53.5 61.82-146.82 99.33-248.4 99.33-100.99 0-193.83-37.08-247.49-98.3a32.6 32.6 0 0 1 3.43-46.43 33.73 33.73 0 0 1 47.11 3.4c40.19 45.87 114.39 75.52 196.95 75.52 83.03 0 157.57-29.97 197.59-76.23zM512 524.8c56.55 0 102.4-22.93 102.4-51.2s-45.85-51.2-102.4-51.2c-56.53 0-102.4 22.93-102.4 51.2 0 28.29 45.87 51.2 102.4 51.2zM273.47 320.92c-26.62-6.55-55.94 22.14-65.58 64.08-9.66 41.94 4.1 81.15 30.72 87.68 26.65 6.55 55.94-22.14 65.6-64.08 9.64-41.94-4.12-81.15-30.74-87.68zm542.74 64.1c-9.64-41.94-38.95-70.61-65.58-64.08-26.62 6.53-40.38 45.74-30.72 87.68 9.62 41.94 38.93 70.61 65.56 64.08 26.65-6.53 40.41-45.74 30.74-87.68z"
            fill="currentColor"
            fill-opacity="0.9"
          />
          ,
          <path
            d="M512 981.33c298.37 0 512-212.03 512-471.16 0-259.14-230.06-467.5-512-467.5S0 251.03 0 510.17c0 99.63 34.22 194.54 96.6 273.45 1.49 1.9 4.27 5.16 8.32 9.89l33.75 38.62a33.17 33.17 0 0 1-.07 43.8l-4.26 5.39a63.74 63.74 0 0 0 9.15 83.91 62.08 62.08 0 0 0 42.49 16.1H512zM224.58 896a118.53 118.53 0 0 0-21.76-120.11l-.11-.12-33.28-38.11a651.67 651.67 0 0 1-5.89-6.97c-50.99-64.49-78.21-140.91-78.21-220.52C85.33 305.5 269.5 128 512 128s426.67 177.49 426.67 382.17C938.67 717.4 768.15 896 512 896H224.58z"
            fill="currentColor"
            fill-opacity="0.9"
          />
        </svg>
        <div
          class="nut-grid-item-text"
        >
          文本
        </div>
      </div>
    </div>
  </div>
</div>
`;
